
> gammon-guru-backend@1.0.0 test
> jest tests/gameService.makeMove.test.ts

  console.log
    [dotenv@17.2.3] injecting env (0) from .env -- tip: ­ƒæÑ sync secrets across teammates & machines: https://dotenvx.com/ops

      at _log (node_modules/dotenv/lib/main.js:142:11)

  console.error
    CRITICAL: ACCESS_TOKEN_SECRET missing in development environment. Using fallback secret. Snapshot: no SECRET-like environment variables detected

    [0m [90m 20 |[39m   [36mconst[39m secret [33m=[39m process[33m.[39menv[envKey][33m;[39m
     [90m 21 |[39m   [36mif[39m ([33m![39msecret) {
    [31m[1m>[22m[39m[90m 22 |[39m     console[33m.[39merror([32m`CRITICAL: ${envKey} missing in ${isProduction ? 'production' : 'development'} environment. Using fallback secret. Snapshot:`[39m[33m,[39m formatSecretSnapshot())[33m;[39m
     [90m    |[39m             [31m[1m^[22m[39m
     [90m 23 |[39m     [36mreturn[39m fallback[33m;[39m
     [90m 24 |[39m   }
     [90m 25 |[39m   [36mreturn[39m secret[33m;[39m[0m

      at resolveSecret (src/config/index.ts:22:13)
      at Object.<anonymous> (src/config/index.ts:221:22)
      at Object.<anonymous> (src/services/gameService.ts:20:1)
      at Object.<anonymous> (tests/gameService.makeMove.test.ts:1:1)

  console.error
    CRITICAL: REFRESH_TOKEN_SECRET missing in development environment. Using fallback secret. Snapshot: no SECRET-like environment variables detected

    [0m [90m 20 |[39m   [36mconst[39m secret [33m=[39m process[33m.[39menv[envKey][33m;[39m
     [90m 21 |[39m   [36mif[39m ([33m![39msecret) {
    [31m[1m>[22m[39m[90m 22 |[39m     console[33m.[39merror([32m`CRITICAL: ${envKey} missing in ${isProduction ? 'production' : 'development'} environment. Using fallback secret. Snapshot:`[39m[33m,[39m formatSecretSnapshot())[33m;[39m
     [90m    |[39m             [31m[1m^[22m[39m
     [90m 23 |[39m     [36mreturn[39m fallback[33m;[39m
     [90m 24 |[39m   }
     [90m 25 |[39m   [36mreturn[39m secret[33m;[39m[0m

      at resolveSecret (src/config/index.ts:22:13)
      at Object.<anonymous> (src/config/index.ts:222:23)
      at Object.<anonymous> (src/services/gameService.ts:20:1)
      at Object.<anonymous> (tests/gameService.makeMove.test.ts:1:1)

  console.error
    CRITICAL: ACCESS_TOKEN_SECRET missing in development environment. Using fallback secret. Snapshot: no SECRET-like environment variables detected

    [0m [90m 20 |[39m   [36mconst[39m secret [33m=[39m process[33m.[39menv[envKey][33m;[39m
     [90m 21 |[39m   [36mif[39m ([33m![39msecret) {
    [31m[1m>[22m[39m[90m 22 |[39m     console[33m.[39merror([32m`CRITICAL: ${envKey} missing in ${isProduction ? 'production' : 'development'} environment. Using fallback secret. Snapshot:`[39m[33m,[39m formatSecretSnapshot())[33m;[39m
     [90m    |[39m             [31m[1m^[22m[39m
     [90m 23 |[39m     [36mreturn[39m fallback[33m;[39m
     [90m 24 |[39m   }
     [90m 25 |[39m   [36mreturn[39m secret[33m;[39m[0m

      at resolveSecret (src/config/index.ts:22:13)
      at Object.<anonymous> (src/config/index.ts:225:14)
      at Object.<anonymous> (src/services/gameService.ts:20:1)
      at Object.<anonymous> (tests/gameService.makeMove.test.ts:1:1)

  console.warn
    WARNING: DATABASE_URL is not set. Prisma will fail to connect.

    [0m [90m 33 |[39m       [36mthrow[39m [36mnew[39m [33mError[39m(message)[33m;[39m
     [90m 34 |[39m     }
    [31m[1m>[22m[39m[90m 35 |[39m     console[33m.[39mwarn([32m`WARNING: ${message}`[39m)[33m;[39m
     [90m    |[39m             [31m[1m^[22m[39m
     [90m 36 |[39m   }
     [90m 37 |[39m   [36mreturn[39m url [33m?[39m[33m?[39m [32m'postgresql://localhost:5432/gammon_dev'[39m[33m;[39m
     [90m 38 |[39m }[33m;[39m[0m

      at resolveDatabaseUrl (src/config/index.ts:35:13)
      at Object.<anonymous> (src/config/index.ts:226:16)
      at Object.<anonymous> (src/services/gameService.ts:20:1)
      at Object.<anonymous> (tests/gameService.makeMove.test.ts:1:1)

  console.error
    CRITICAL: SESSION_TOKEN_SECRET missing in development environment. Using fallback secret. Snapshot: no SECRET-like environment variables detected

    [0m [90m 20 |[39m   [36mconst[39m secret [33m=[39m process[33m.[39menv[envKey][33m;[39m
     [90m 21 |[39m   [36mif[39m ([33m![39msecret) {
    [31m[1m>[22m[39m[90m 22 |[39m     console[33m.[39merror([32m`CRITICAL: ${envKey} missing in ${isProduction ? 'production' : 'development'} environment. Using fallback secret. Snapshot:`[39m[33m,[39m formatSecretSnapshot())[33m;[39m
     [90m    |[39m             [31m[1m^[22m[39m
     [90m 23 |[39m     [36mreturn[39m fallback[33m;[39m
     [90m 24 |[39m   }
     [90m 25 |[39m   [36mreturn[39m secret[33m;[39m[0m

      at resolveSecret (src/config/index.ts:22:13)
      at resolveSessionConfig (src/config/index.ts:196:18)
      at Object.<anonymous> (src/config/index.ts:231:12)
      at Object.<anonymous> (src/services/gameService.ts:20:1)
      at Object.<anonymous> (tests/gameService.makeMove.test.ts:1:1)

node.exe : FAIL tests/gameSe
rvice.makeMove.test.ts
Au caractère Ligne:1 : 1
+ & "C:\Program 
Files\nodejs/node.exe" 
"C:\Program 
Files\nodejs/node_mo ...
+ ~~~~~~~~~~~~~~~~~~~~~~~~~~
~~~~~~~~~~~~~~~~~~~~~~~~~~~~
~~~~~~~~~~~~~~~
    + CategoryInfo          
    : NotSpecified: (FAIL   
  tests/gameService.makeM   
 ove.test.ts:String) [],    
 RemoteException
    + FullyQualifiedErrorId 
    : NativeCommandError
 
  GameService.makeMove 
regression flow
    ├ù throws when move is 
not among advertised moves 
(1 ms)
    ├ù auto-passes when 
current player has no legal 
moves (1 ms)
    ├ù persists victory and 
notifies when win condition 
is met

  ÔùÅ GameService.makeMove 
regression flow ÔÇ║ throws 
when move is not among 
advertised moves

    TypeError: prismaMock.ga
mes.findUnique.mockResolvedV
alueOnce is not a function

    [0m [90m 143 |[39m
     [90m 144 |[39m   
it([32m'throws when move 
is not among advertised 
moves'[39m[33m,[39m 
[36masync[39m () 
[33m=>[39m {
    
[31m[1m>[22m[39m[90m 
145 |[39m     prismaMock[3
3m.[39mgames[33m.[39mfind
Unique[33m.[39mmockResolve
dValueOnce(mockPrismaGame)[
33m;[39m
     [90m     |[39m       
                          
[31m[1m^[22m[39m
     [90m 146 |[39m     
[36mconst[39m 
legalMoves[33m:[39m 
[33mMove[39m[] 
[33m=[39m [{ 
[36mfrom[39m[33m:[39m 
[35m1[39m[33m,[39m 
to[33m:[39m 
[35m3[39m[33m,[39m 
player[33m:[39m [32m'whit
e'[39m[33m,[39m 
diceUsed[33m:[39m 
[35m2[39m }][33m;[39m
     [90m 147 |[39m
     [90m 148 |[39m     
[90m// We mock getGame to 
return a state with 
specific available 
moves[39m[0m

      at Object.<anonymous> 
(tests/gameService.makeMove.
test.ts:145:33)

  ÔùÅ GameService.makeMove 
regression flow ÔÇ║ throws 
when move is not among 
advertised moves

    TypeError: prismaMock.ga
mes.findUnique.mockReset is 
not a function

    [0m [90m 137 |[39m   
afterEach(() [33m=>[39m {
     [90m 138 |[39m     je
st[33m.[39mrestoreAllMocks
()[33m;[39m
    
[31m[1m>[22m[39m[90m 
139 |[39m     prismaMock[3
3m.[39mgames[33m.[39mfind
Unique[33m.[39mmockReset()
[33m;[39m
     [90m     |[39m       
                          
[31m[1m^[22m[39m
     [90m 140 |[39m     pr
ismaMock[33m.[39mgames[33
m.[39mupdate[33m.[39mmock
Reset()[33m;[39m
     [90m 141 |[39m     pr
ismaMock[33m.[39musers[33
m.[39mupdate[33m.[39mmock
Reset()[33m;[39m
     [90m 142 |[39m   
})[33m;[39m[0m

      at Object.<anonymous> 
(tests/gameService.makeMove.
test.ts:139:33)

  ÔùÅ GameService.makeMove 
regression flow ÔÇ║ 
auto-passes when current 
player has no legal moves

    TypeError: prismaMock.ga
mes.findUnique.mockResolvedV
alue is not a function

    [0m [90m 166 |[39m   
  [36mconst[39m 
gameWithNoDice [33m=[39m 
{ [33m...[39mmockPrismaGam
e[33m,[39m 
dice[33m:[39m 
[][33m,[39m 
boardState[33m:[39m { 
board[33m:[39m 
makeBoard()[33m,[39m 
dice[33m:[39m 
startingDice } }[33m;[39m
     [90m 167 |[39m
    
[31m[1m>[22m[39m[90m 
168 |[39m     prismaMock[3
3m.[39mgames[33m.[39mfind
Unique[33m.[39mmockResolve
dValue(gameWithNoDice)[33m;
[39m
     [90m     |[39m       
                          
[31m[1m^[22m[39m
     [90m 169 |[39m     pr
ismaMock[33m.[39mgames[33
m.[39mupdate[33m.[39mmock
ResolvedValue(gameWithNoDice
)[33m;[39m
     [90m 170 |[39m
     [90m 171 |[39m     
[36mconst[39m nextDice 
[33m=[39m makeDice({ 
dice[33m:[39m 
[[35m3[39m[33m,[39m 
[35m4[39m][33m,[39m 
remaining[33m:[39m 
[[35m3[39m[33m,[39m 
[35m4[39m] 
})[33m;[39m[0m

      at Object.<anonymous> 
(tests/gameService.makeMove.
test.ts:168:33)

  ÔùÅ GameService.makeMove 
regression flow ÔÇ║ 
auto-passes when current 
player has no legal moves

    TypeError: prismaMock.ga
mes.findUnique.mockReset is 
not a function

    [0m [90m 137 |[39m   
afterEach(() [33m=>[39m {
     [90m 138 |[39m     je
st[33m.[39mrestoreAllMocks
()[33m;[39m
    
[31m[1m>[22m[39m[90m 
139 |[39m     prismaMock[3
3m.[39mgames[33m.[39mfind
Unique[33m.[39mmockReset()
[33m;[39m
     [90m     |[39m       
                          
[31m[1m^[22m[39m
     [90m 140 |[39m     pr
ismaMock[33m.[39mgames[33
m.[39mupdate[33m.[39mmock
Reset()[33m;[39m
     [90m 141 |[39m     pr
ismaMock[33m.[39musers[33
m.[39mupdate[33m.[39mmock
Reset()[33m;[39m
     [90m 142 |[39m   
})[33m;[39m[0m

      at Object.<anonymous> 
(tests/gameService.makeMove.
test.ts:139:33)

  ÔùÅ GameService.makeMove 
regression flow ÔÇ║ 
persists victory and 
notifies when win condition 
is met

    TypeError: prismaMock.ga
mes.findUnique.mockResolvedV
alue is not a function

    [0m [90m 212 |[39m   
  [36mconst[39m 
gameWinning [33m=[39m { [
33m...[39mmockPrismaGame[3
3m,[39m 
boardState[33m:[39m { 
board[33m:[39m 
victoryBoard[33m,[39m 
dice[33m:[39m makeDice() 
} }[33m;[39m
     [90m 213 |[39m
    
[31m[1m>[22m[39m[90m 
214 |[39m     prismaMock[3
3m.[39mgames[33m.[39mfind
Unique[33m.[39mmockResolve
dValue(gameWinning)[33m;[3
9m
     [90m     |[39m       
                          
[31m[1m^[22m[39m
     [90m 215 |[39m     pr
ismaMock[33m.[39mgames[33
m.[39mupdate[33m.[39mmock
ResolvedValue(gameWinning)[
33m;[39m
     [90m 216 |[39m
     [90m 217 |[39m     je
st[33m.[39mspyOn([33mBack
gammonEngine[39m[33m,[39m
 [32m'validateMove'[39m)[
33m.[39mmockReturnValue({ 
valid[33m:[39m 
[36mtrue[39m 
})[33m;[39m[0m

      at Object.<anonymous> 
(tests/gameService.makeMove.
test.ts:214:33)

  ÔùÅ GameService.makeMove 
regression flow ÔÇ║ 
persists victory and 
notifies when win condition 
is met

    TypeError: prismaMock.ga
mes.findUnique.mockReset is 
not a function

    [0m [90m 137 |[39m   
afterEach(() [33m=>[39m {
     [90m 138 |[39m     je
st[33m.[39mrestoreAllMocks
()[33m;[39m
    
[31m[1m>[22m[39m[90m 
139 |[39m     prismaMock[3
3m.[39mgames[33m.[39mfind
Unique[33m.[39mmockReset()
[33m;[39m
     [90m     |[39m       
                          
[31m[1m^[22m[39m
     [90m 140 |[39m     pr
ismaMock[33m.[39mgames[33
m.[39mupdate[33m.[39mmock
Reset()[33m;[39m
     [90m 141 |[39m     pr
ismaMock[33m.[39musers[33
m.[39mupdate[33m.[39mmock
Reset()[33m;[39m
     [90m 142 |[39m   
})[33m;[39m[0m

      at Object.<anonymous> 
(tests/gameService.makeMove.
test.ts:139:33)

Test Suites: 1 failed, 1 
total
Tests:       3 failed, 3 
total
Snapshots:   0 total
Time:        0.51 s, 
estimated 2 s
Ran all test suites 
matching /tests\\gameService
.makeMove.test.ts/i.
